// Jest Snapshot v1, https://goo.gl/fbAQLP

exports[`AwesomeButton should render 1`] = `
<View
  accessible={true}
  onResponderGrant={[Function]}
  onResponderMove={[Function]}
  onResponderRelease={[Function]}
  onResponderTerminate={[Function]}
  onResponderTerminationRequest={[Function]}
  onStartShouldSetResponder={[Function]}
  style={
    Object {
      "backgroundColor": "transparent",
      "height": 60,
      "opacity": 0,
      "width": null,
      "zIndex": 10,
    }
  }
  testID="aws-btn-content-view"
>
  <View
    style={
      Object {
        "backgroundColor": "rgba(0, 0, 0, 0.15)",
        "borderBottomLeftRadius": null,
        "borderBottomRightRadius": null,
        "borderRadius": 4,
        "borderTopLeftRadius": null,
        "borderTopRightRadius": null,
        "bottom": -2,
        "height": 56,
        "left": "1%",
        "position": "absolute",
        "transform": Array [
          Object {
            "translateY": 0,
          },
        ],
        "width": "98%",
      }
    }
    testID="aws-btn-shadow"
  />
  <View
    style={
      Array [
        Object {
          "bottom": 0,
          "left": 0,
          "position": "absolute",
        },
        Object {
          "backgroundColor": "#9f9f9f",
          "borderBottomLeftRadius": null,
          "borderBottomRightRadius": null,
          "borderRadius": 4,
          "borderTopLeftRadius": null,
          "borderTopRightRadius": null,
          "height": 56,
          "width": null,
        },
      ]
    }
    testID="aws-btn-bottom"
  />
  <View
    style={
      Object {
        "borderBottomLeftRadius": null,
        "borderBottomRightRadius": null,
        "borderRadius": 4,
        "borderTopLeftRadius": null,
        "borderTopRightRadius": null,
        "height": 56,
        "left": 0,
        "position": "absolute",
        "top": 0,
        "transform": Array [
          Object {
            "translateY": 0,
          },
        ],
        "width": null,
      }
    }
    testID="aws-btn-content"
  >
    <View
      onLayout={[Function]}
      style={
        Array [
          Object {
            "alignItems": "center",
            "flex": 1,
            "justifyContent": "center",
            "overflow": "hidden",
            "zIndex": 3,
          },
          Object {
            "backgroundColor": "#c0c0c0",
            "borderBottomLeftRadius": null,
            "borderBottomRightRadius": null,
            "borderColor": null,
            "borderRadius": 4,
            "borderTopLeftRadius": null,
            "borderTopRightRadius": null,
            "borderWidth": 0,
          },
        ]
      }
      testID="aws-btn-text"
    >
      <View
        style={
          Object {
            "backgroundColor": "rgba(0, 0, 0, 0.15)",
            "height": 56,
            "left": 0,
            "opacity": 0,
            "position": "absolute",
            "top": 0,
            "width": null,
          }
        }
        testID="aws-btn-active-background"
      />
      <View
        style={
          Object {
            "backgroundColor": "rgba(0, 0, 0, 0.15)",
            "height": 20,
            "opacity": 1,
            "transform": Array [
              Object {
                "scale": 1,
              },
            ],
            "width": "55%",
          }
        }
        testID="aws-btn-content-placeholder"
      />
    </View>
  </View>
</View>
`;

exports[`AwesomeButton should render a default text children 1`] = `
<View
  accessible={true}
  onResponderGrant={[Function]}
  onResponderMove={[Function]}
  onResponderRelease={[Function]}
  onResponderTerminate={[Function]}
  onResponderTerminationRequest={[Function]}
  onStartShouldSetResponder={[Function]}
  style={
    Object {
      "backgroundColor": "transparent",
      "height": 60,
      "opacity": 0,
      "width": null,
      "zIndex": 10,
    }
  }
  testID="aws-btn-content-view"
>
  <View
    style={
      Object {
        "backgroundColor": "rgba(0, 0, 0, 0.15)",
        "borderBottomLeftRadius": null,
        "borderBottomRightRadius": null,
        "borderRadius": 4,
        "borderTopLeftRadius": null,
        "borderTopRightRadius": null,
        "bottom": -2,
        "height": 56,
        "left": "1%",
        "position": "absolute",
        "transform": Array [
          Object {
            "translateY": 0,
          },
        ],
        "width": "98%",
      }
    }
    testID="aws-btn-shadow"
  />
  <View
    style={
      Array [
        Object {
          "bottom": 0,
          "left": 0,
          "position": "absolute",
        },
        Object {
          "backgroundColor": "#9f9f9f",
          "borderBottomLeftRadius": null,
          "borderBottomRightRadius": null,
          "borderRadius": 4,
          "borderTopLeftRadius": null,
          "borderTopRightRadius": null,
          "height": 56,
          "width": null,
        },
      ]
    }
    testID="aws-btn-bottom"
  />
  <View
    style={
      Object {
        "borderBottomLeftRadius": null,
        "borderBottomRightRadius": null,
        "borderRadius": 4,
        "borderTopLeftRadius": null,
        "borderTopRightRadius": null,
        "height": 56,
        "left": 0,
        "position": "absolute",
        "top": 0,
        "transform": Array [
          Object {
            "translateY": 0,
          },
        ],
        "width": null,
      }
    }
    testID="aws-btn-content"
  >
    <View
      onLayout={[Function]}
      style={
        Array [
          Object {
            "alignItems": "center",
            "flex": 1,
            "justifyContent": "center",
            "overflow": "hidden",
            "zIndex": 3,
          },
          Object {
            "backgroundColor": "#c0c0c0",
            "borderBottomLeftRadius": null,
            "borderBottomRightRadius": null,
            "borderColor": null,
            "borderRadius": 4,
            "borderTopLeftRadius": null,
            "borderTopRightRadius": null,
            "borderWidth": 0,
          },
        ]
      }
      testID="aws-btn-text"
    >
      <View
        style={
          Object {
            "backgroundColor": "rgba(0, 0, 0, 0.15)",
            "height": 56,
            "left": 0,
            "opacity": 0,
            "position": "absolute",
            "top": 0,
            "width": null,
          }
        }
        testID="aws-btn-active-background"
      />
      <Text
        accessible={true}
        allowFontScaling={true}
        ellipsizeMode="tail"
        style={
          Object {
            "color": "#FFFFFF",
            "fontFamily": null,
            "fontSize": 14,
            "fontWeight": "bold",
            "opacity": 1,
            "paddingBottom": 0,
            "paddingHorizontal": 12,
            "paddingTop": 0,
            "textAlign": "center",
            "transform": Array [
              Object {
                "scale": 1,
              },
            ],
            "width": "100%",
            "zIndex": 10,
          }
        }
        testID="aws-btn-content-text"
      >
        Default
      </Text>
    </View>
  </View>
</View>
`;
